[2K[1G[1myarn run v1.22.22[22m
[2K[1G[2m$ next build[22m
[1m[38;2;173;127;168m▲ Next.js 16.3.0[39m[22m (Turbopack)
- Environments: .env
[32m[1m✓[22m[39m Running next.config.ts took 376ms

[37m[1m [22m[39m Creating an optimized production build ...
[32m[1m✓[22m[39m Compiled successfully in 8.9s
[?25l[37m[1m [22m[39m Running TypeScript  [36m.[39m[2K[1G[37m[1m [22m[39m Running TypeScript  [36m..[39m[2K[1G[37m[1m [22m[39m Running TypeScript  [36m...[39m[2K[1G[37m[1m [22m[39m Running TypeScript  [36m.[39m[2K[1G[37m[1m [22m[39m Running TypeScript  [36m..[39m[2K[1G[37m[1m [22m[39m Running TypeScript  [36m...[39m[2K[1G[37m[1m [22m[39m Running TypeScript  [36m.[39m[2K[1G[37m[1m [22m[39m Running TypeScript  [36m..[39m[2K[1G[37m[1m [22m[39m Running TypeScript  [36m...[39m[2K[1G[37m[1m [22m[39m Running TypeScript  [36m.[39m[2K[1G[37m[1m [22m[39m Running TypeScript  [36m..[39m[2K[1G[37m[1m [22m[39m Running TypeScript  [36m...[39m[2K[1G[37m[1m [22m[39m Running TypeScript  [36m.[39m[2K[1G[37m[1m [22m[39m Running TypeScript  [36m..[39m[2K[1G[37m[1m [22m[39m Running TypeScript  [36m...[39m[2K[1G[37m[1m [22m[39m Running TypeScript  [36m.[39m[2K[1G[37m[1m [22m[39m Running TypeScript  [36m..[39m[2K[1G[37m[1m [22m[39m Running TypeScript  [36m...[39m[2K[1G[37m[1m [22m[39m Running TypeScript  [36m.[39m[2K[1G[37m[1m [22m[39m Running TypeScript  [36m..[39m[2K[1G[37m[1m [22m[39m Running TypeScript  [36m...[39m[2K[1G[37m[1m [22m[39m Running TypeScript  [36m.[39m[2K[1G[37m[1m [22m[39m Running TypeScript  [36m..[39m[2K[1G[37m[1m [22m[39m Running TypeScript  [36m...[39m[2K[1G[37m[1m [22m[39m Running TypeScript  [36m.[39m[2K[1G[37m[1m [22m[39m Running TypeScript  [36m..[39m[2K[1G[37m[1m [22m[39m Running TypeScript  [36m...[39m[2K[1G[37m[1m [22m[39m Running TypeScript  [36m.[39m[2K[1G[37m[1m [22m[39m Running TypeScript  [36m..[39m[2K[1G[37m[1m [22m[39m Running TypeScript  [36m...[39m[2K[1G[37m[1m [22m[39m Running TypeScript  [36m.[39m[2K[1G[37m[1m [22m[39m Running TypeScript  [36m..[39m[2K[1G[37m[1m [22m[39m Running TypeScript  [36m...[39m[2K[1G[37m[1m [22m[39m Running TypeScript  [36m.[39m[2K[1G[37m[1m [22m[39m Running TypeScript  [36m..[39m[2K[1G[37m[1m [22m[39m Running TypeScript  [36m...[39m[2K[1G[37m[1m [22m[39m Running TypeScript  [36m.[39m[2K[1G[37m[1m [22m[39m Running TypeScript  [36m..[39m[2K[1G[37m[1m [22m[39m Running TypeScript  [36m...[39m[2K[1G[37m[1m [22m[39m Running TypeScript  [36m.[39m[2K[1G[37m[1m [22m[39m Running TypeScript  [36m..[39m[2K[1G[37m[1m [22m[39m Running TypeScript  [36m...[39m[2K[1G[37m[1m [22m[39m Running TypeScript  [36m.[39m[2K[1G[?25h[?25l[37m[1m [22m[39m Finished TypeScript in 8.7s  [36m.[39m[2K[1G[?25h[37m[1m [22m[39m Finished TypeScript in 8.7s    [32m[1m✓[22m[39m Finished TypeScript in 8.7s 
[?25l[37m[1m [22m[39m Collecting page data using 3 workers  [36m.[39m[2K[1G[37m[1m [22m[39m Collecting page data using 3 workers  [36m..[39m[2K[1G[37m[1m [22m[39m Collecting page data using 3 workers  [36m...[39m[2K[1G[37m[1m [22m[39m Collecting page data using 3 workers  [36m.[39m[2K[1G[37m[1m [22m[39m Collecting page data using 3 workers  [36m..[39m[2K[1G[37m[1m [22m[39m Collecting page data using 3 workers  [36m...[39m[2K[1G[37m[1m [22m[39m Collecting page data using 3 workers  [36m.[39m[2K[1G[37m[1m [22m[39m Collecting page data using 3 workers  [36m..[39m[2K[1G[37m[1m [22m[39m Collecting page data using 3 workers  [36m...[39m[2K[1G[37m[1m [22m[39m Collecting page data using 3 workers  [36m.[39m[2K[1G[?25h[37m[1m [22m[39m Collecting page data using 3 workers in 1949ms    [32m[1m✓[22m[39m Collecting page data using 3 workers in 1949ms 
[?25l[37m[1m [22m[39m Generating static pages using 3 workers (0/27)  [36m[    ][39m[2K[1G[37m[1m [22m[39m Generating static pages using 3 workers (0/27)  [36m[=   ][39m[2K[1G[37m[1m [22m[39m Generating static pages using 3 workers (2/27)  [36m[==  ][39m[2K[1G[37m[1m [22m[39m Generating static pages using 3 workers (2/27)  [36m[=== ][39m[2K[1G[37m[1m [22m[39m Generating static pages using 3 workers (2/27)  [36m[ ===][39m[2K[1G[37m[1m [22m[39m Generating static pages using 3 workers (2/27)  [36m[  ==][39m[2K[1G[37m[1m [22m[39m Generating static pages using 3 workers (4/27)  [36m[   =][39m[2K[1G[37m[1m [22m[39m Generating static pages using 3 workers (4/27)  [36m[    ][39m[2K[1G[37m[1m [22m[39m Generating static pages using 3 workers (8/27)  [36m[   =][39m[2K[1G[37m[1m [22m[39m Generating static pages using 3 workers (15/27)  [36m[  ==][39m[2K[1G[37m[1m [22m[39m Generating static pages using 3 workers (16/27)  [36m[ ===][39m[2K[1G[37m[1m [22m[39m Generating static pages using 3 workers (17/27)  [36m[====][39m[2K[1G[37m[1m [22m[39m Generating static pages using 3 workers (25/27)  [36m[=== ][39m[2K[1G[?25h[32m[1m✓[22m[39m Generating static pages using 3 workers (27/27) in 2.5s
[?25l[37m[1m [22m[39m Finalizing page optimization  [36m.[39m[2K[1G[?25h[37m[1m [22m[39m Finalizing page optimization in 34ms    [32m[1m✓[22m[39m Finalizing page optimization in 34ms 

[4mRoute (app)[24m
┌ ○ /
├ ○ /_not-found
├ ○ /about
├ ○ /about/opengraph-image
├ ƒ /api/contact
├ ƒ /api/waitlist
├ ○ /apple-icon.png
├ ○ /contact
├ ○ /contact/opengraph-image
├ ○ /founding-educators-circle
├ ○ /founding-educators-circle/opengraph-image
├ ○ /icon.png
├ ○ /manifest.webmanifest
├ ○ /opengraph-image
├ ○ /privacy
├ ○ /privacy/opengraph-image
├ ○ /refund-policy
├ ○ /refund-policy/opengraph-image
├ ○ /robots.txt
├ ○ /services
├ ○ /services/opengraph-image
├ ○ /sitemap.xml
├ ○ /styleguide
├ ○ /terms
└ ○ /terms/opengraph-image


○  (Static)   prerendered as static content
ƒ  (Dynamic)  server-rendered on demand

[?25h[2K[1GDone in 31.02s.
